[INFO] Scanning for projects...
[INFO] 
[INFO] --------------------< com.mediconnect:MediConnect >---------------------
[INFO] Building MediConnect 1.0-SNAPSHOT
[INFO]   from pom.xml
[INFO] --------------------------------[ war ]---------------------------------
[INFO] 
[INFO] --- resources:3.3.1:resources (default-resources) @ MediConnect ---
[INFO] Copying 2 resources from src\main\resources to target\classes
[INFO] 
[INFO] --- compiler:3.13.0:compile (default-compile) @ MediConnect ---
[INFO] Recompiling the module because of added or removed source files.
[INFO] Compiling 35 source files with javac [debug target 17] to target\classes
[WARNING] location of system modules is not set in conjunction with -source 17
  not setting the location of system modules may lead to class files that cannot run on JDK 17
    --release 17 is recommended instead of -source 17 -target 17 because it sets the location of system modules automatically
[INFO] ------------------------------------------------------------------------
[INFO] BUILD SUCCESS
[INFO] ------------------------------------------------------------------------
[INFO] Total time:  5.548 s
[INFO] Finished at: 2026-03-12T02:01:28Z
[INFO] ------------------------------------------------------------------------
